Archive member included because of file (symbol)

/opt/coldfire/lib/gcc/m68k-elf/3.4.6/m5200/libgcc.a(_udivsi3.o)
                              kernel/string.o (__udivsi3)
/opt/coldfire/lib/gcc/m68k-elf/3.4.6/m5200/libgcc.a(_divsi3.o)
                              process/set_priority_process.o (__divsi3)
/opt/coldfire/lib/gcc/m68k-elf/3.4.6/m5200/libgcc.a(_umodsi3.o)
                              kernel/string.o (__umodsi3)
/opt/coldfire/lib/gcc/m68k-elf/3.4.6/m5200/libgcc.a(_modsi3.o)
                              process/set_priority_process.o (__modsi3)

Allocating common symbols
Common symbol       size              file

free_mem_q_struct   0x8               kernel/init.o
delayed_send_queue_s
                    0x8               kernel/msg_queue.o
tasks               0x54              kernel/rtos.o
queue_MEMORY_WAIT   0x8               kernel/rtos.o
READY_queue_struct  0x34              kernel/queue.o
old_stack           0x4               boot/start.o
pcbs                0x680             kernel/rtos.o
queues              0x38              kernel/rtos.o
string_holder_temp  0x14              kernel/string.o
pcb_before_i_process
                    0x4               kernel/uart_handler.o
main_stack          0x1000            boot/start.o
INTERRUPTED_queue   0x4               kernel/rtos.o
MEMORY_WAIT_queue_struct
                    0x34              kernel/queue.o
in_i_process        0x4               process/timer_i_process.o
m_queues            0x200             kernel/rtos.o
string_holder       0x14              kernel/string.o
tmp_sp              0x4               kernel/init.o
current_pcb         0x4               kernel/init.o
timer_count         0x4               process/timer_i_process.o

Memory Configuration

Name             Origin             Length             Attributes
ram              0x10100000         0x01f00000
*default*        0x00000000         0xffffffff

Linker script and memory map

LOAD boot/start.o
LOAD /tmp/ccwV5zZP.o
LOAD kernel/init.o
LOAD kernel/string.o
LOAD kernel/queue.o
LOAD kernel/swi.o
LOAD kernel/task.o
LOAD kernel/rtos.o
LOAD kernel/primitives.o
LOAD kernel/stdio.o
LOAD kernel/memory_queue.o
LOAD kernel/msg_queue.o
LOAD kernel/timer_handler.o
LOAD kernel/uart_handler.o
LOAD process/kcd_process.o
LOAD process/timer_i_process.o
LOAD process/uart_i_process.o
LOAD process/crt_process.o
LOAD process/set_priority_process.o
LOAD process/wall_clock_process.o
LOAD process/null_process.o
LOAD process/process_a1.o
LOAD process/process_b1.o
LOAD process/process_c1.o
LOAD process/process_a2.o
LOAD process/process_b2.o
LOAD process/process_c2.o
LOAD process/process_a3.o
START GROUP
LOAD /opt/coldfire/lib/gcc/m68k-elf/3.4.6/m5200/libgcc.a
END GROUP
                0x00000000                __DYNAMIC = 0x0
                0x00000000                PROVIDE (hardware_init_hook, 0x0)
                0x00000000                PROVIDE (_hardware_init_hook, 0x0)
                0x00000000                PROVIDE (software_init_hook, 0x0)
                0x00000000                PROVIDE (_software_init_hook, 0x0)

.text           0x10100000     0x452d
 *(.text)
 .text          0x10100000       0x1e boot/start.o
 *fill*         0x1010001e        0x2 00
 .text          0x10100020       0x1e /tmp/ccwV5zZP.o
 *fill*         0x1010003e        0x2 00
 .text          0x10100040      0xbce kernel/init.o
                0x10100878                init_stress_processes
                0x101008f0                start_scheduler
                0x101002a2                init_i_processes
                0x10100094                init_timer
                0x1010017c                init_local_stack
                0x10100040                init_free_memory
                0x101006c8                init_process
                0x101000e6                init_UART
                0x1010015c                init_hardware
                0x101003ca                init_s_processes
 *fill*         0x10100c0e        0x2 00
 .text          0x10100c10      0x51c kernel/string.o
                0x10100cac                StrNConcat
                0x101010d6                IsInteger
                0x10100eda                ChopString
                0x10100f2c                IntToStr
                0x10100d46                StrCompare
                0x10100ff6                ReverseStr
                0x10100c10                Strncpy
                0x10100dbe                IntToHex
                0x10100c72                StrLength
 .text          0x1010112c      0x48a kernel/queue.o
                0x1010119a                is_METAPCB_queue_empty
                0x1010136a                search
                0x10101214                dequeue_PCB_FIFO
                0x101012d0                searchDequeue
                0x10101294                dequeue_PCB_LIFO
                0x101011d0                enqueue_PCB
                0x10101482                remove_element_by_priority
                0x1010143a                enqueue_PCB_by_priority
                0x101014ac                remove_element
                0x10101142                init_METAPCB_queue
                0x101013d8                dequeue_PCB_FIFO_by_priority
                0x1010112c                init_PCB_queue
                0x10101186                isEmpty
 *fill*         0x101015b6        0x2 00
 .text          0x101015b8      0x27a kernel/swi.o
                0x10101810                get_process_priority
                0x10101774                request_memory_block
                0x101017e4                set_process_priority
                0x1010170e                send_message
                0x1010178c                release_memory_block
                0x1010173a                receive_message
                0x101015b8                swi_trap_handler
                0x101017ae                delayed_send
                0x101016fa                release_processor
 *fill*         0x10101832        0x2 00
 .text          0x10101834      0x15e kernel/task.o
                0x101018ae                init_tasks
                0x10101834                get_pcb
                0x1010195a                process1
                0x10101984                process4
                0x10101968                process2
                0x10101976                process3
 *fill*         0x10101992        0x2 00
 .text          0x10101994       0x2c kernel/rtos.o
                0x10101994                __main
                0x1010199e                main
 .text          0x101019c0      0x6fc kernel/primitives.o
                0x10101a18                process_switch
                0x10101c7a                kernel_request_memory_block
                0x10101da0                kernel_delayed_send
                0x101019c0                context_switch
                0x10101f12                kernel_set_process_priority
                0x10101a9c                kernel_send_message
                0x10101ba4                kernel_receive_message
                0x10102078                kernel_get_process_priority
                0x10101d0e                kernel_release_memory_block
 .text          0x101020bc       0xa0 kernel/stdio.o
                0x1010211a                rtx_dbug_number
                0x101020dc                rtx_dbug_outs
                0x101020bc                rtx_dbug_out_char
                0x10102140                rtx_print_integer
 .text          0x1010215c      0x128 kernel/memory_queue.o
                0x1010215c                init_free_memory_queue
                0x101021ca                dequeue_memory_block_FIFO
                0x10102186                enqueue_free_memory_queue
                0x10102172                is_free_memory_queue_empty
                0x10102248                dequeue_memory_block_LIFO
 .text          0x10102284      0x1c4 kernel/msg_queue.o
                0x101022ae                enqueue_message
                0x1010229a                is_msgq_empty
                0x101022f2                dequeueMessageLIFO
                0x101023ac                searchDequeueMessage
                0x1010232c                dequeueMessageFIFO
                0x10102284                init_msg_queue
 .text          0x10102448       0x74 kernel/timer_handler.o
                0x10102448                timer_handler
 .text          0x101024bc       0x6c kernel/uart_handler.o
                0x101024bc                uart_handler
 .text          0x10102528      0x230 process/kcd_process.o
                0x10102572                kcd_process
                0x10102528                register_command
 .text          0x10102758      0x242 process/timer_i_process.o
                0x10102758                timer_i_process
 *fill*         0x1010299a        0x2 00
 .text          0x1010299c      0x388 process/uart_i_process.o
                0x10102c1a                parse_hotkey
                0x1010299c                uart_print_string
                0x101029e6                uart_print_integer
                0x10102a3a                print_pcb_infos
                0x10102a82                print_ready_queue
                0x10102c50                uart_i_process
                0x10102b4e                print_memory_queue
 .text          0x10102d24      0x3e4 process/crt_process.o
                0x10102ee4                crt_process
                0x10102d24                fancy_prompt
 .text          0x10103108      0x2e4 process/set_priority_process.o
                0x10103108                error_message
                0x10103284                set_prio_process
 .text          0x101033ec      0x47e process/wall_clock_process.o
                0x101033ec                output_clock
                0x1010354e                wall_clock_process
 *fill*         0x1010386a        0x2 00
 .text          0x1010386c       0x16 process/null_process.o
                0x1010386c                null_process
 *fill*         0x10103882        0x2 00
 .text          0x10103884       0xb4 process/process_a1.o
                0x10103884                process_a1
 .text          0x10103938       0x26 process/process_b1.o
                0x10103938                process_b1
 *fill*         0x1010395e        0x2 00
 .text          0x10103960      0x142 process/process_c1.o
                0x10103960                process_c1
 *fill*         0x10103aa2        0x2 00
 .text          0x10103aa4       0xb4 process/process_a2.o
                0x10103aa4                process_a2
 .text          0x10103b58       0x26 process/process_b2.o
                0x10103b58                process_b2
 *fill*         0x10103b7e        0x2 00
 .text          0x10103b80      0x10a process/process_c2.o
                0x10103b80                process_c2
 *fill*         0x10103c8a        0x2 00
 .text          0x10103c8c       0xb4 process/process_a3.o
                0x10103c8c                process_a3
 .text          0x10103d40       0x30 /opt/coldfire/lib/gcc/m68k-elf/3.4.6/m5200/libgcc.a(_udivsi3.o)
                0x10103d40                __udivsi3
 .text          0x10103d70       0x2e /opt/coldfire/lib/gcc/m68k-elf/3.4.6/m5200/libgcc.a(_divsi3.o)
                0x10103d70                __divsi3
 *fill*         0x10103d9e        0x2 00
 .text          0x10103da0       0x26 /opt/coldfire/lib/gcc/m68k-elf/3.4.6/m5200/libgcc.a(_umodsi3.o)
                0x10103da0                __umodsi3
 *fill*         0x10103dc6        0x2 00
 .text          0x10103dc8       0x26 /opt/coldfire/lib/gcc/m68k-elf/3.4.6/m5200/libgcc.a(_modsi3.o)
                0x10103dc8                __modsi3
                0x10103df0                . = ALIGN (0x4)
 *fill*         0x10103dee        0x2 00
                0x10103df0                __CTOR_LIST__ = .
                0x10103df0        0x4 LONG 0x0 (((__CTOR_END__ - __CTOR_LIST__) / 0x4) - 0x2)
 *(.ctors)
                0x10103df4        0x4 LONG 0x0
                0x10103df8                __CTOR_END__ = .
                0x10103df8                __DTOR_LIST__ = .
                0x10103df8        0x4 LONG 0x0 (((__DTOR_END__ - __DTOR_LIST__) / 0x4) - 0x2)
 *(.dtors)
                0x10103dfc        0x4 LONG 0x0
                0x10103e00                __DTOR_END__ = .
 *(.rodata*)
 .rodata        0x10103e00      0x189 kernel/init.o
 .rodata        0x10103f89        0x2 kernel/string.o
 .rodata        0x10103f8b       0x4c kernel/queue.o
 .rodata        0x10103fd7       0x66 kernel/task.o
 .rodata        0x1010403d      0x108 kernel/primitives.o
 .rodata        0x10104145       0x5d process/kcd_process.o
 .rodata        0x101041a2        0xf process/timer_i_process.o
 .rodata        0x101041b1       0x35 process/uart_i_process.o
 .rodata        0x101041e6       0x6d process/set_priority_process.o
 .rodata        0x10104253      0x112 process/wall_clock_process.o
 .rodata        0x10104365        0x6 process/null_process.o
 .rodata        0x1010436b       0x57 process/process_a1.o
 .rodata        0x101043c2       0x9e process/process_c1.o
 .rodata        0x10104460       0x59 process/process_a2.o
 .rodata        0x101044b9        0xb process/process_c2.o
 .rodata        0x101044c4       0x59 process/process_a3.o
 *(.gcc_except_table)
                0x1010451d                __INIT_SECTION__ = .
                0x1010451d        0x4 LONG 0x4e560000
 *(.init)
                0x10104521        0x2 SHORT 0x4e5e
                0x10104523        0x2 SHORT 0x4e75
                0x10104525                __FINI_SECTION__ = .
                0x10104525        0x4 LONG 0x4e560000
 *(.fini)
                0x10104529        0x2 SHORT 0x4e5e
                0x1010452b        0x2 SHORT 0x4e75
                0x1010452d                _etext = .
 *(.lit)

.data           0x10104530       0x14
 *(.shdata)
 *(.data)
 .data          0x10104530        0x0 boot/start.o
 .data          0x10104530        0x0 /tmp/ccwV5zZP.o
 .data          0x10104530        0x8 kernel/init.o
                0x10104534                stack_offset
                0x10104530                free_mem_q
 .data          0x10104538        0x0 kernel/string.o
 .data          0x10104538        0x8 kernel/queue.o
                0x10104538                READY_queue
                0x1010453c                MEMORY_WAIT_queue
 .data          0x10104540        0x0 kernel/swi.o
 .data          0x10104540        0x0 kernel/task.o
 .data          0x10104540        0x0 kernel/rtos.o
 .data          0x10104540        0x0 kernel/primitives.o
 .data          0x10104540        0x0 kernel/stdio.o
 .data          0x10104540        0x0 kernel/memory_queue.o
 .data          0x10104540        0x4 kernel/msg_queue.o
                0x10104540                delayed_send_queue
 .data          0x10104544        0x0 kernel/timer_handler.o
 .data          0x10104544        0x0 kernel/uart_handler.o
 .data          0x10104544        0x0 process/kcd_process.o
 .data          0x10104544        0x0 process/timer_i_process.o
 .data          0x10104544        0x0 process/uart_i_process.o
 .data          0x10104544        0x0 process/crt_process.o
 .data          0x10104544        0x0 process/set_priority_process.o
 .data          0x10104544        0x0 process/wall_clock_process.o
 .data          0x10104544        0x0 process/null_process.o
 .data          0x10104544        0x0 process/process_a1.o
 .data          0x10104544        0x0 process/process_b1.o
 .data          0x10104544        0x0 process/process_c1.o
 .data          0x10104544        0x0 process/process_a2.o
 .data          0x10104544        0x0 process/process_b2.o
 .data          0x10104544        0x0 process/process_c2.o
 .data          0x10104544        0x0 process/process_a3.o
 .data          0x10104544        0x0 /opt/coldfire/lib/gcc/m68k-elf/3.4.6/m5200/libgcc.a(_udivsi3.o)
 .data          0x10104544        0x0 /opt/coldfire/lib/gcc/m68k-elf/3.4.6/m5200/libgcc.a(_divsi3.o)
 .data          0x10104544        0x0 /opt/coldfire/lib/gcc/m68k-elf/3.4.6/m5200/libgcc.a(_umodsi3.o)
 .data          0x10104544        0x0 /opt/coldfire/lib/gcc/m68k-elf/3.4.6/m5200/libgcc.a(_modsi3.o)
                0x10104544                _edata = .

.bss            0x10104544     0x1a08
                0x10104544                __bss_start = .
 *(.shbss)
 *(.bss)
 .bss           0x10104544        0x0 boot/start.o
 .bss           0x10104544        0x0 /tmp/ccwV5zZP.o
 .bss           0x10104544        0x0 kernel/init.o
 .bss           0x10104544        0x0 kernel/string.o
 .bss           0x10104544        0x0 kernel/queue.o
 .bss           0x10104544       0x20 kernel/swi.o
                0x10104548                param_1
                0x10104544                kernel_code
                0x10104558                ret_code_get_prio
                0x10104550                param_3
                0x1010455c                ret_code
                0x10104560                msg_return
                0x10104554                ret_code_recv
                0x1010454c                param_2
 .bss           0x10104564        0x0 kernel/task.o
 .bss           0x10104564        0x0 kernel/rtos.o
 .bss           0x10104564        0x0 kernel/primitives.o
 .bss           0x10104564        0x0 kernel/stdio.o
 .bss           0x10104564        0x0 kernel/memory_queue.o
 .bss           0x10104564        0x0 kernel/msg_queue.o
 .bss           0x10104564        0x4 kernel/timer_handler.o
                0x10104564                kernel_clock
 .bss           0x10104568        0x0 kernel/uart_handler.o
 .bss           0x10104568        0x0 process/kcd_process.o
 .bss           0x10104568        0x0 process/timer_i_process.o
 .bss           0x10104568        0x0 process/uart_i_process.o
 .bss           0x10104568        0x0 process/crt_process.o
 .bss           0x10104568        0x0 process/set_priority_process.o
 .bss           0x10104568        0x0 process/wall_clock_process.o
 .bss           0x10104568        0x0 process/null_process.o
 .bss           0x10104568        0x0 process/process_a1.o
 .bss           0x10104568        0x0 process/process_b1.o
 .bss           0x10104568        0x0 process/process_c1.o
 .bss           0x10104568        0x0 process/process_a2.o
 .bss           0x10104568        0x0 process/process_b2.o
 .bss           0x10104568        0x0 process/process_c2.o
 .bss           0x10104568        0x0 process/process_a3.o
 .bss           0x10104568        0x0 /opt/coldfire/lib/gcc/m68k-elf/3.4.6/m5200/libgcc.a(_udivsi3.o)
 .bss           0x10104568        0x0 /opt/coldfire/lib/gcc/m68k-elf/3.4.6/m5200/libgcc.a(_divsi3.o)
 .bss           0x10104568        0x0 /opt/coldfire/lib/gcc/m68k-elf/3.4.6/m5200/libgcc.a(_umodsi3.o)
 .bss           0x10104568        0x0 /opt/coldfire/lib/gcc/m68k-elf/3.4.6/m5200/libgcc.a(_modsi3.o)
 *(COMMON)
 *fill*         0x10104568        0x8 00
 COMMON         0x10104570     0x1010 boot/start.o
                0x10104570                old_stack
                0x10104580                main_stack
 COMMON         0x10105580       0x10 kernel/init.o
                0x10105580                free_mem_q_struct
                0x10105588                tmp_sp
                0x1010558c                current_pcb
 COMMON         0x10105590       0x28 kernel/string.o
                0x10105590                string_holder_temp
                0x101055a4                string_holder
 COMMON         0x101055b8       0x68 kernel/queue.o
                0x101055b8                READY_queue_struct
                0x101055ec                MEMORY_WAIT_queue_struct
 COMMON         0x10105620      0x918 kernel/rtos.o
                0x10105620                tasks
                0x10105674                queue_MEMORY_WAIT
                0x1010567c                pcbs
                0x10105cfc                queues
                0x10105d34                INTERRUPTED_queue
                0x10105d38                m_queues
 COMMON         0x10105f38        0x8 kernel/msg_queue.o
                0x10105f38                delayed_send_queue_s
 COMMON         0x10105f40        0x4 kernel/uart_handler.o
                0x10105f40                pcb_before_i_process
 COMMON         0x10105f44        0x8 process/timer_i_process.o
                0x10105f44                in_i_process
                0x10105f48                timer_count
                0x10105f50                _end = ALIGN (0x8)
                0x10105f50                __end = _end

.stab
 *(.stab)

.stabstr
 *(.stabstr)
OUTPUT(rtos.o elf32-m68k)

.comment        0x00000000      0x1d4
 .comment       0x00000000       0x12 kernel/init.o
 .comment       0x00000012       0x12 kernel/string.o
 .comment       0x00000024       0x12 kernel/queue.o
 .comment       0x00000036       0x12 kernel/swi.o
 .comment       0x00000048       0x12 kernel/task.o
 .comment       0x0000005a       0x12 kernel/rtos.o
 .comment       0x0000006c       0x12 kernel/primitives.o
 .comment       0x0000007e       0x12 kernel/stdio.o
 .comment       0x00000090       0x12 kernel/memory_queue.o
 .comment       0x000000a2       0x12 kernel/msg_queue.o
 .comment       0x000000b4       0x12 kernel/timer_handler.o
 .comment       0x000000c6       0x12 kernel/uart_handler.o
 .comment       0x000000d8       0x12 process/kcd_process.o
 .comment       0x000000ea       0x12 process/timer_i_process.o
 .comment       0x000000fc       0x12 process/uart_i_process.o
 .comment       0x0000010e       0x12 process/crt_process.o
 .comment       0x00000120       0x12 process/set_priority_process.o
 .comment       0x00000132       0x12 process/wall_clock_process.o
 .comment       0x00000144       0x12 process/null_process.o
 .comment       0x00000156       0x12 process/process_a1.o
 .comment       0x00000168       0x12 process/process_b1.o
 .comment       0x0000017a       0x12 process/process_c1.o
 .comment       0x0000018c       0x12 process/process_a2.o
 .comment       0x0000019e       0x12 process/process_b2.o
 .comment       0x000001b0       0x12 process/process_c2.o
 .comment       0x000001c2       0x12 process/process_a3.o

.debug_line     0x00000000      0x161
 .debug_line    0x00000000       0x5b /opt/coldfire/lib/gcc/m68k-elf/3.4.6/m5200/libgcc.a(_udivsi3.o)
 .debug_line    0x0000005b       0x5c /opt/coldfire/lib/gcc/m68k-elf/3.4.6/m5200/libgcc.a(_divsi3.o)
 .debug_line    0x000000b7       0x55 /opt/coldfire/lib/gcc/m68k-elf/3.4.6/m5200/libgcc.a(_umodsi3.o)
 .debug_line    0x0000010c       0x55 /opt/coldfire/lib/gcc/m68k-elf/3.4.6/m5200/libgcc.a(_modsi3.o)

.debug_info     0x00000000      0x1e8
 .debug_info    0x00000000       0x7a /opt/coldfire/lib/gcc/m68k-elf/3.4.6/m5200/libgcc.a(_udivsi3.o)
 .debug_info    0x0000007a       0x7a /opt/coldfire/lib/gcc/m68k-elf/3.4.6/m5200/libgcc.a(_divsi3.o)
 .debug_info    0x000000f4       0x7a /opt/coldfire/lib/gcc/m68k-elf/3.4.6/m5200/libgcc.a(_umodsi3.o)
 .debug_info    0x0000016e       0x7a /opt/coldfire/lib/gcc/m68k-elf/3.4.6/m5200/libgcc.a(_modsi3.o)

.debug_abbrev   0x00000000       0x50
 .debug_abbrev  0x00000000       0x14 /opt/coldfire/lib/gcc/m68k-elf/3.4.6/m5200/libgcc.a(_udivsi3.o)
 .debug_abbrev  0x00000014       0x14 /opt/coldfire/lib/gcc/m68k-elf/3.4.6/m5200/libgcc.a(_divsi3.o)
 .debug_abbrev  0x00000028       0x14 /opt/coldfire/lib/gcc/m68k-elf/3.4.6/m5200/libgcc.a(_umodsi3.o)
 .debug_abbrev  0x0000003c       0x14 /opt/coldfire/lib/gcc/m68k-elf/3.4.6/m5200/libgcc.a(_modsi3.o)

.debug_aranges  0x00000000       0x80
 .debug_aranges
                0x00000000       0x20 /opt/coldfire/lib/gcc/m68k-elf/3.4.6/m5200/libgcc.a(_udivsi3.o)
 .debug_aranges
                0x00000020       0x20 /opt/coldfire/lib/gcc/m68k-elf/3.4.6/m5200/libgcc.a(_divsi3.o)
 .debug_aranges
                0x00000040       0x20 /opt/coldfire/lib/gcc/m68k-elf/3.4.6/m5200/libgcc.a(_umodsi3.o)
 .debug_aranges
                0x00000060       0x20 /opt/coldfire/lib/gcc/m68k-elf/3.4.6/m5200/libgcc.a(_modsi3.o)
